\BOOKMARK [0][-]{chapter.1}{\376\377\000G\000r\000i\000d\000h\000u\000n\000t\0002\000:\000\040\000T\000h\000e\000\040\000f\000a\000m\000o\000u\000s\000\040\000G\000r\000i\000d\000h\000u\000n\000t\000\040\000g\000a\000m\000e}{}
\BOOKMARK [1][-]{section.1.1}{\376\377\000O\000b\000j\000e\000c\000t\000i\000v\000e}{chapter.1}
\BOOKMARK [1][-]{section.1.2}{\376\377\000H\000o\000w\000\040\000t\000o\000\040\000S\000t\000a\000r\000t}{chapter.1}
\BOOKMARK [1][-]{section.1.3}{\376\377\000C\000o\000m\000p\000i\000l\000a\000t\000i\000o\000n\000\040\000a\000n\000d\000\040\000R\000u\000n\000n\000i\000n\000g\000\040\000t\000h\000e\000\040\000G\000a\000m\000e}{chapter.1}
\BOOKMARK [1][-]{section.1.4}{\376\377\000C\000o\000p\000y\000r\000i\000g\000h\000t}{chapter.1}
\BOOKMARK [0][-]{chapter.2}{\376\377\000C\000l\000a\000s\000s\000\040\000I\000n\000d\000e\000x}{}
\BOOKMARK [1][-]{section.2.1}{\376\377\000C\000l\000a\000s\000s\000\040\000H\000i\000e\000r\000a\000r\000c\000h\000y}{chapter.2}
\BOOKMARK [0][-]{chapter.3}{\376\377\000C\000l\000a\000s\000s\000\040\000I\000n\000d\000e\000x}{}
\BOOKMARK [1][-]{section.3.1}{\376\377\000C\000l\000a\000s\000s\000\040\000L\000i\000s\000t}{chapter.3}
\BOOKMARK [0][-]{chapter.4}{\376\377\000F\000i\000l\000e\000\040\000I\000n\000d\000e\000x}{}
\BOOKMARK [1][-]{section.4.1}{\376\377\000F\000i\000l\000e\000\040\000L\000i\000s\000t}{chapter.4}
\BOOKMARK [0][-]{chapter.5}{\376\377\000C\000l\000a\000s\000s\000\040\000D\000o\000c\000u\000m\000e\000n\000t\000a\000t\000i\000o\000n}{}
\BOOKMARK [1][-]{section.5.1}{\376\377\000C\000o\000o\000r\000d\000\040\000C\000l\000a\000s\000s\000\040\000R\000e\000f\000e\000r\000e\000n\000c\000e}{chapter.5}
\BOOKMARK [2][-]{subsection.5.1.1}{\376\377\000D\000e\000t\000a\000i\000l\000e\000d\000\040\000D\000e\000s\000c\000r\000i\000p\000t\000i\000o\000n}{section.5.1}
\BOOKMARK [2][-]{subsection.5.1.2}{\376\377\000C\000o\000n\000s\000t\000r\000u\000c\000t\000o\000r\000\040\000\046\000\040\000D\000e\000s\000t\000r\000u\000c\000t\000o\000r\000\040\000D\000o\000c\000u\000m\000e\000n\000t\000a\000t\000i\000o\000n}{section.5.1}
\BOOKMARK [3][-]{subsubsection.5.1.2.1}{\376\377\000C\000o\000o\000r\000d}{subsection.5.1.2}
\BOOKMARK [2][-]{subsection.5.1.3}{\376\377\000M\000e\000m\000b\000e\000r\000\040\000F\000u\000n\000c\000t\000i\000o\000n\000\040\000D\000o\000c\000u\000m\000e\000n\000t\000a\000t\000i\000o\000n}{section.5.1}
\BOOKMARK [3][-]{subsubsection.5.1.3.1}{\376\377\000d\000i\000s\000t\000a\000n\000c\000e}{subsection.5.1.3}
\BOOKMARK [2][-]{subsection.5.1.4}{\376\377\000F\000r\000i\000e\000n\000d\000s\000\040\000A\000n\000d\000\040\000R\000e\000l\000a\000t\000e\000d\000\040\000F\000u\000n\000c\000t\000i\000o\000n\000\040\000D\000o\000c\000u\000m\000e\000n\000t\000a\000t\000i\000o\000n}{section.5.1}
\BOOKMARK [3][-]{subsubsection.5.1.4.1}{\376\377\000o\000p\000e\000r\000a\000t\000o\000r\000<\000<}{subsection.5.1.4}
\BOOKMARK [1][-]{section.5.2}{\376\377\000D\000i\000e\000\040\000C\000l\000a\000s\000s\000\040\000R\000e\000f\000e\000r\000e\000n\000c\000e}{chapter.5}
\BOOKMARK [2][-]{subsection.5.2.1}{\376\377\000D\000e\000t\000a\000i\000l\000e\000d\000\040\000D\000e\000s\000c\000r\000i\000p\000t\000i\000o\000n}{section.5.2}
\BOOKMARK [2][-]{subsection.5.2.2}{\376\377\000M\000e\000m\000b\000e\000r\000\040\000F\000u\000n\000c\000t\000i\000o\000n\000\040\000D\000o\000c\000u\000m\000e\000n\000t\000a\000t\000i\000o\000n}{section.5.2}
\BOOKMARK [3][-]{subsubsection.5.2.2.1}{\376\377\000r\000o\000l\000l}{subsection.5.2.2}
\BOOKMARK [1][-]{section.5.3}{\376\377\000G\000r\000i\000d\000\040\000C\000l\000a\000s\000s\000\040\000R\000e\000f\000e\000r\000e\000n\000c\000e}{chapter.5}
\BOOKMARK [2][-]{subsection.5.3.1}{\376\377\000D\000e\000t\000a\000i\000l\000e\000d\000\040\000D\000e\000s\000c\000r\000i\000p\000t\000i\000o\000n}{section.5.3}
\BOOKMARK [2][-]{subsection.5.3.2}{\376\377\000M\000e\000m\000b\000e\000r\000\040\000F\000u\000n\000c\000t\000i\000o\000n\000\040\000D\000o\000c\000u\000m\000e\000n\000t\000a\000t\000i\000o\000n}{section.5.3}
\BOOKMARK [3][-]{subsubsection.5.3.2.1}{\376\377\000c\000h\000e\000c\000k\000C\000o\000o\000r\000d}{subsection.5.3.2}
\BOOKMARK [3][-]{subsubsection.5.3.2.2}{\376\377\000g\000e\000t\000M\000a\000x\000E}{subsection.5.3.2}
\BOOKMARK [3][-]{subsubsection.5.3.2.3}{\376\377\000g\000e\000t\000M\000a\000x\000N}{subsection.5.3.2}
\BOOKMARK [3][-]{subsubsection.5.3.2.4}{\376\377\000r\000a\000n\000d\000o\000m\000C\000o\000o\000r\000d}{subsection.5.3.2}
\BOOKMARK [2][-]{subsection.5.3.3}{\376\377\000M\000e\000m\000b\000e\000r\000\040\000D\000a\000t\000a\000\040\000D\000o\000c\000u\000m\000e\000n\000t\000a\000t\000i\000o\000n}{section.5.3}
\BOOKMARK [3][-]{subsubsection.5.3.3.1}{\376\377\000d\000i\000e}{subsection.5.3.3}
\BOOKMARK [1][-]{section.5.4}{\376\377\000G\000r\000i\000d\000h\000u\000n\000t\000\040\000C\000l\000a\000s\000s\000\040\000R\000e\000f\000e\000r\000e\000n\000c\000e}{chapter.5}
\BOOKMARK [2][-]{subsection.5.4.1}{\376\377\000D\000e\000t\000a\000i\000l\000e\000d\000\040\000D\000e\000s\000c\000r\000i\000p\000t\000i\000o\000n}{section.5.4}
\BOOKMARK [2][-]{subsection.5.4.2}{\376\377\000C\000o\000n\000s\000t\000r\000u\000c\000t\000o\000r\000\040\000\046\000\040\000D\000e\000s\000t\000r\000u\000c\000t\000o\000r\000\040\000D\000o\000c\000u\000m\000e\000n\000t\000a\000t\000i\000o\000n}{section.5.4}
\BOOKMARK [3][-]{subsubsection.5.4.2.1}{\376\377\000G\000r\000i\000d\000h\000u\000n\000t}{subsection.5.4.2}
\BOOKMARK [2][-]{subsection.5.4.3}{\376\377\000M\000e\000m\000b\000e\000r\000\040\000F\000u\000n\000c\000t\000i\000o\000n\000\040\000D\000o\000c\000u\000m\000e\000n\000t\000a\000t\000i\000o\000n}{section.5.4}
\BOOKMARK [3][-]{subsubsection.5.4.3.1}{\376\377\000l\000e\000a\000d\000e\000r\000B\000o\000a\000r\000d}{subsection.5.4.3}
\BOOKMARK [3][-]{subsubsection.5.4.3.2}{\376\377\000r\000u\000n}{subsection.5.4.3}
\BOOKMARK [3][-]{subsubsection.5.4.3.3}{\376\377\000s\000h\000o\000w}{subsection.5.4.3}
\BOOKMARK [1][-]{section.5.5}{\376\377\000H\000u\000n\000t\000e\000r\000\040\000C\000l\000a\000s\000s\000\040\000R\000e\000f\000e\000r\000e\000n\000c\000e}{chapter.5}
\BOOKMARK [2][-]{subsection.5.5.1}{\376\377\000D\000e\000t\000a\000i\000l\000e\000d\000\040\000D\000e\000s\000c\000r\000i\000p\000t\000i\000o\000n}{section.5.5}
\BOOKMARK [2][-]{subsection.5.5.2}{\376\377\000M\000e\000m\000b\000e\000r\000\040\000F\000u\000n\000c\000t\000i\000o\000n\000\040\000D\000o\000c\000u\000m\000e\000n\000t\000a\000t\000i\000o\000n}{section.5.5}
\BOOKMARK [3][-]{subsubsection.5.5.2.1}{\376\377\000d\000i\000s\000t\000a\000n\000c\000e\000T\000o\000M\000o\000n\000s\000t\000e\000r}{subsection.5.5.2}
\BOOKMARK [3][-]{subsubsection.5.5.2.2}{\376\377\000m\000a\000k\000e\000M\000o\000v\000e}{subsection.5.5.2}
\BOOKMARK [3][-]{subsubsection.5.5.2.3}{\376\377\000p\000o\000s\000i\000t\000i\000o\000n\000O\000f\000M\000o\000n\000s\000t\000e\000r}{subsection.5.5.2}
\BOOKMARK [3][-]{subsubsection.5.5.2.4}{\376\377\000s\000e\000t\000M\000o\000n\000s\000t\000e\000r}{subsection.5.5.2}
\BOOKMARK [1][-]{section.5.6}{\376\377\000H\000u\000n\000t\000e\000r\000C\000h\000e\000c\000k\000e\000r\000\040\000C\000l\000a\000s\000s\000\040\000R\000e\000f\000e\000r\000e\000n\000c\000e}{chapter.5}
\BOOKMARK [2][-]{subsection.5.6.1}{\376\377\000D\000e\000t\000a\000i\000l\000e\000d\000\040\000D\000e\000s\000c\000r\000i\000p\000t\000i\000o\000n}{section.5.6}
\BOOKMARK [2][-]{subsection.5.6.2}{\376\377\000M\000e\000m\000b\000e\000r\000\040\000F\000u\000n\000c\000t\000i\000o\000n\000\040\000D\000o\000c\000u\000m\000e\000n\000t\000a\000t\000i\000o\000n}{section.5.6}
\BOOKMARK [3][-]{subsubsection.5.6.2.1}{\376\377\000m\000a\000k\000e\000M\000o\000v\000e}{subsection.5.6.2}
\BOOKMARK [1][-]{section.5.7}{\376\377\000H\000u\000n\000t\000e\000r\000R\000a\000n\000d\000o\000m\000\040\000C\000l\000a\000s\000s\000\040\000R\000e\000f\000e\000r\000e\000n\000c\000e}{chapter.5}
\BOOKMARK [2][-]{subsection.5.7.1}{\376\377\000D\000e\000t\000a\000i\000l\000e\000d\000\040\000D\000e\000s\000c\000r\000i\000p\000t\000i\000o\000n}{section.5.7}
\BOOKMARK [2][-]{subsection.5.7.2}{\376\377\000M\000e\000m\000b\000e\000r\000\040\000F\000u\000n\000c\000t\000i\000o\000n\000\040\000D\000o\000c\000u\000m\000e\000n\000t\000a\000t\000i\000o\000n}{section.5.7}
\BOOKMARK [3][-]{subsubsection.5.7.2.1}{\376\377\000m\000a\000k\000e\000M\000o\000v\000e}{subsection.5.7.2}
\BOOKMARK [1][-]{section.5.8}{\376\377\000M\000o\000b\000i\000l\000e\000\040\000C\000l\000a\000s\000s\000\040\000R\000e\000f\000e\000r\000e\000n\000c\000e}{chapter.5}
\BOOKMARK [2][-]{subsection.5.8.1}{\376\377\000D\000e\000t\000a\000i\000l\000e\000d\000\040\000D\000e\000s\000c\000r\000i\000p\000t\000i\000o\000n}{section.5.8}
\BOOKMARK [2][-]{subsection.5.8.2}{\376\377\000M\000e\000m\000b\000e\000r\000\040\000E\000n\000u\000m\000e\000r\000a\000t\000i\000o\000n\000\040\000D\000o\000c\000u\000m\000e\000n\000t\000a\000t\000i\000o\000n}{section.5.8}
\BOOKMARK [3][-]{subsubsection.5.8.2.1}{\376\377\000D\000i\000r\000e\000c\000t\000i\000o\000n}{subsection.5.8.2}
\BOOKMARK [2][-]{subsection.5.8.3}{\376\377\000C\000o\000n\000s\000t\000r\000u\000c\000t\000o\000r\000\040\000\046\000\040\000D\000e\000s\000t\000r\000u\000c\000t\000o\000r\000\040\000D\000o\000c\000u\000m\000e\000n\000t\000a\000t\000i\000o\000n}{section.5.8}
\BOOKMARK [3][-]{subsubsection.5.8.3.1}{\376\377\000M\000o\000b\000i\000l\000e}{subsection.5.8.3}
\BOOKMARK [2][-]{subsection.5.8.4}{\376\377\000M\000e\000m\000b\000e\000r\000\040\000F\000u\000n\000c\000t\000i\000o\000n\000\040\000D\000o\000c\000u\000m\000e\000n\000t\000a\000t\000i\000o\000n}{section.5.8}
\BOOKMARK [3][-]{subsubsection.5.8.4.1}{\376\377\000g\000e\000t\000P\000o\000s\000i\000t\000i\000o\000n}{subsection.5.8.4}
\BOOKMARK [3][-]{subsubsection.5.8.4.2}{\376\377\000g\000e\000t\000R\000o\000u\000n\000d}{subsection.5.8.4}
\BOOKMARK [3][-]{subsubsection.5.8.4.3}{\376\377\000m\000a\000k\000e\000M\000o\000v\000e}{subsection.5.8.4}
\BOOKMARK [3][-]{subsubsection.5.8.4.4}{\376\377\000m\000o\000v\000e}{subsection.5.8.4}
\BOOKMARK [3][-]{subsubsection.5.8.4.5}{\376\377\000p\000a\000y}{subsection.5.8.4}
\BOOKMARK [3][-]{subsubsection.5.8.4.6}{\376\377\000s\000a\000y}{subsection.5.8.4}
\BOOKMARK [3][-]{subsubsection.5.8.4.7}{\376\377\000t\000e\000l\000e\000p\000o\000r\000t}{subsection.5.8.4}
\BOOKMARK [2][-]{subsection.5.8.5}{\376\377\000F\000r\000i\000e\000n\000d\000s\000\040\000A\000n\000d\000\040\000R\000e\000l\000a\000t\000e\000d\000\040\000F\000u\000n\000c\000t\000i\000o\000n\000\040\000D\000o\000c\000u\000m\000e\000n\000t\000a\000t\000i\000o\000n}{section.5.8}
\BOOKMARK [3][-]{subsubsection.5.8.5.1}{\376\377\000o\000p\000e\000r\000a\000t\000o\000r\000<\000<}{subsection.5.8.5}
\BOOKMARK [2][-]{subsection.5.8.6}{\376\377\000M\000e\000m\000b\000e\000r\000\040\000D\000a\000t\000a\000\040\000D\000o\000c\000u\000m\000e\000n\000t\000a\000t\000i\000o\000n}{section.5.8}
\BOOKMARK [3][-]{subsubsection.5.8.6.1}{\376\377\000d\000i\000r\000e\000c\000t\000i\000o\000n\000N\000a\000m\000e}{subsection.5.8.6}
\BOOKMARK [1][-]{section.5.9}{\376\377\000M\000o\000n\000s\000t\000e\000r\000\040\000C\000l\000a\000s\000s\000\040\000R\000e\000f\000e\000r\000e\000n\000c\000e}{chapter.5}
\BOOKMARK [2][-]{subsection.5.9.1}{\376\377\000M\000e\000m\000b\000e\000r\000\040\000F\000u\000n\000c\000t\000i\000o\000n\000\040\000D\000o\000c\000u\000m\000e\000n\000t\000a\000t\000i\000o\000n}{section.5.9}
\BOOKMARK [3][-]{subsubsection.5.9.1.1}{\376\377\000m\000a\000k\000e\000M\000o\000v\000e}{subsection.5.9.1}
\BOOKMARK [0][-]{chapter.6}{\376\377\000F\000i\000l\000e\000\040\000D\000o\000c\000u\000m\000e\000n\000t\000a\000t\000i\000o\000n}{}
\BOOKMARK [1][-]{section.6.1}{\376\377\000c\000o\000n\000s\000t\000a\000n\000t\000s\000.\000h\000\040\000F\000i\000l\000e\000\040\000R\000e\000f\000e\000r\000e\000n\000c\000e}{chapter.6}
\BOOKMARK [2][-]{subsection.6.1.1}{\376\377\000D\000e\000t\000a\000i\000l\000e\000d\000\040\000D\000e\000s\000c\000r\000i\000p\000t\000i\000o\000n}{section.6.1}
\BOOKMARK [2][-]{subsection.6.1.2}{\376\377\000F\000u\000n\000c\000t\000i\000o\000n\000\040\000D\000o\000c\000u\000m\000e\000n\000t\000a\000t\000i\000o\000n}{section.6.1}
\BOOKMARK [3][-]{subsubsection.6.1.2.1}{\376\377\000E\000R\000R\000O\000R\000\137\000C\000O\000O\000R\000D}{subsection.6.1.2}
\BOOKMARK [2][-]{subsection.6.1.3}{\376\377\000V\000a\000r\000i\000a\000b\000l\000e\000\040\000D\000o\000c\000u\000m\000e\000n\000t\000a\000t\000i\000o\000n}{section.6.1}
\BOOKMARK [3][-]{subsubsection.6.1.3.1}{\376\377\000E\000R\000R\000O\000R\000\137\000D\000I\000S\000T}{subsection.6.1.3}
